ボリューム PCDOS_J7    のディレクトリー・パス・リスト
ボリューム・シリアル番号は 5071-BCA0 です
C:\DOSCALLS
|   DOSCALLS.ZIP
|   FILESAVE.BAT
|   FILESYNC.BAT
|   FILETREE.BAT
|   FILETREE.LST
|   MKBACKUP.BAT
|   MKDIRS.BAT
|   MKZIP.BAT
|   README.TXT
|   
+---DOSCALLS
|       CONSOLE.ASM
|       CONSOLE.MAC
|       CONSOLE.OBJ
|       CONSTANT.INC
|       DATETIME.ASM
|       DATETIME.MAC
|       DATETIME.OBJ
|       DEVICE.ASM
|       DEVICE.MAC
|       DEVICE.OBJ
|       DIR.ASM
|       DIR.MAC
|       DIR.OBJ
|       DISK.ASM
|       DISK.MAC
|       DISK.OBJ
|       DOSCALLS.CAT
|       DOSCALLS.DEF
|       DOSCALLS.LIB
|       DOSCALLS.MAC
|       DOSCALLS.TXT
|       FILE.ASM
|       FILE.MAC
|       FILE.OBJ
|       FILELIB.ASM
|       FILELIB.MAC
|       FILELIB.OBJ
|       GETARGS.ASM
|       GETARGS.MAC
|       GETARGS.OBJ
|       GETENVS.ASM
|       GETENVS.MAC
|       GETENVS.OBJ
|       MAKEFILE
|       MEMORY.ASM
|       MEMORY.MAC
|       MEMORY.OBJ
|       MISC.ASM
|       MISC.MAC
|       MISC.OBJ
|       PROCESS.ASM
|       PROCESS.MAC
|       PROCESS.OBJ
|       SETENVS.BAT
|       
+---DEBUG
|       APPEND.ASM
|       APPEND.DAT
|       APPEND.EXE
|       DELFILE.ASM
|       DELFILE.OBJ
|       FILEDATE.ASM
|       FILEDATE.OBJ
|       FILLUP.ASM
|       FILLUP.EXE
|       FREEMEM.ASM
|       FREEMEM.EXE
|       GET.ASM
|       GET.EXE
|       GET.OBJ
|       GETCHAR.ASM
|       GETCHAR.EXE
|       GETCHAR.OBJ
|       GETLINE.ASM
|       GETLINE.EXE
|       GETLINE.OBJ
|       GETLINE2.ASM
|       GETLINE2.EXE
|       GETLINE2.OBJ
|       GETLINE3.ASM
|       GETLINE3.EXE
|       GETLINE3.OBJ
|       GETTEST.ASM
|       GETTEST.EXE
|       GETTEST.OBJ
|       MAIN.ASM
|       MAIN.EXE
|       MAIN2.ASM
|       MAIN2.EXE
|       MAKEFILE
|       PUT.ASM
|       PUT.EXE
|       PUT.OBJ
|       PUTCHAR.ASM
|       PUTCHAR.EXE
|       PUTCHAR.OBJ
|       PUTLINE.ASM
|       PUTLINE.EXE
|       PUTLINE.OBJ
|       PUTTEST.ASM
|       PUTTEST.EXE
|       PUTTEST.OBJ
|       READLINE.ASM
|       READLINE.EXE
|       READWRIT.ASM
|       READWRIT.EXE
|       RECORD.ASM
|       RECORD.EXE
|       SETENVS.BAT
|       STRUC.ASM
|       STRUC.EXE
|       TESTFILE.000
|       TESTFILE.001
|       TESTFILE.002
|       TESTFILE.003
|       TESTFILE.004
|       TESTFILE.006
|       TESTFILE.007
|       TESTFILE.008
|       TESTFILE.009
|       TESTFILE.010
|       TESTFILE.011
|       TESTFILE.012
|       TESTFILE.013
|       TESTFILE.014
|       TESTFILE.015
|       TESTFILE.016
|       TESTFILE.017
|       TESTFILE.018
|       TESTFILE.019
|       TESTFILE.020
|       TESTFILE.021
|       TESTFILE.022
|       TESTFILE.023
|       TESTFILE.024
|       TESTFILE.025
|       TESTFILE.026
|       TESTFILE.027
|       TESTFILE.028
|       TESTFILE.029
|       TESTFILE.999
|       TESTFILE.GET
|       TESTFILE.OUT
|       TESTFILE.TXT
|       TESTFILE.WRT
|       WRITE.ASM
|       WRITE.EXE
|       WRITE2.ASM
|       WRITE2.EXE
|       
+---SAMPLES
|       ARGS.ASM
|       ARGS.EXE
|       ARGS.OBJ
|       COPYFILE.ASM
|       COPYFILE.EXE
|       COPYFILE.OBJ
|       CREAT.ASM
|       CREAT.EXE
|       CREAT.OBJ
|       DUMPPSP.ASM
|       DUMPPSP.EXE
|       GETTEST.ASM
|       GETTEST.EXE
|       MAKEFILE
|       PRINTENV.ASM
|       PRINTENV.EXE
|       PRINTENV.OBJ
|       PUTTEST.ASM
|       PUTTEST.EXE
|       README.TXT
|       SETENVS.BAT
|       TYPEOUT.ASM
|       TYPEOUT.EXE
|       TYPEOUT.OBJ
|       XCHDIR.ASM
|       XCHDIR.EXE
|       XCHDIR.OBJ
|           
+---TESTPROG
|       ARGS.ASM
|       ARGS.EXE
|       COVERAGE.TXT
|       GETTEST.ASM
|       GETTEST.EXE
|       MAKEFILE
|       PRINTENV.ASM
|       PRINTENV.EXE
|       PUTTEST.ASM
|       PUTTEST.EXE
|       README.TXT
|       SETENVS.BAT
|       TSTCONIO.ASM
|       TSTCONIO.EXE
|       TSTDIR.ASM
|       TSTDIR.EXE
|       TSTDISK.ASM
|       TSTDISK.EXE
|       TSTDTTM.ASM
|       TSTDTTM.EXE
|       TSTFILE1.ASM
|       TSTFILE1.EXE
|       TSTFILE2.ASM
|       TSTFILE2.EXE
|       TSTFILE3.ASM
|       TSTFILE3.EXE
|       TSTMEM.ASM
|       TSTMEM.EXE
|       TSTMISC.ASM
|       TSTMISC.EXE
|       TSTPROC.ASM
|       TSTPROC.EXE
